[governance_drift_check]
ok                 = True
severity           = warning
repo_root          = D:\BeatLab
baseline_version   = 1.0.0
framework_version  = 1.0.0
baseline_yaml      = D:\BeatLab\.governance\baseline.yaml

[checks]
  agents_sections_filled                 PASS
  baseline_version_known                 PASS
  baseline_yaml_freshness                PASS
  baseline_yaml_present                  PASS
  contract_agents_base_referenced        PASS
  contract_no_placeholders               PASS
  contract_not_framework_copy            PASS
  contract_required_fields_present       PASS
  expansion_boundary                     PASS
  framework_version_current              PASS
  memory_schema_complete                 PASS
  plan_freshness                         PASS
  plan_inventory_current                 PASS
  plan_required_sections_present         PASS
  protected_file_sentinel_present        PASS
  protected_files_present                PASS
  protected_files_unmodified             PASS
  source_commit_recorded                 FAIL

plan_section_inventory (5 sections):
  ## Current Phase
  ## Active Sprint
  ## Backlog
  ## Decision Log
  ## Known Risks

findings (1):
  [warning] source_commit_recorded: source_commit is missing or 'unknown' in baseline.yaml — provenance cannot be traced; re-run adopt_governance.py to record

warnings (1):
  - source_commit_recorded: source_commit is missing or 'unknown' in baseline.yaml — provenance cannot be traced; re-run adopt_governance.py to record

remediation:
  $ python governance_tools/adopt_governance.py --target D:\BeatLab
